main.c:145:6:ADCSelectChannel	32	static
main.c:178:6:GetStatusLet	16	static
main.c:186:6:UpdateLEDs	16	static
main.c:219:6:ClearScreenLCD	16	static
main.c:233:6:WriteLine	24	static
main.c:244:6:PadSpaces	24	static
main.c:252:6:UpdateLCD	152	static
main.c:324:5:CheckKeypad	24	static
main.c:371:6:UpdateIndividualState	16	static
main.c:387:6:UpdateSensorState	8	static
main.c:402:5:ProcessCommand	48	static
main.c:541:5:main	112	static
main.c:923:6:SystemClock_Config	88	static
main.c:963:13:MX_ADC1_Init	24	static
main.c:1013:13:MX_TIM2_Init	32	static
main.c:1058:13:MX_TIM4_Init	48	static
main.c:1107:13:MX_TIM10_Init	40	static
main.c:1152:13:MX_USART2_UART_Init	8	static
main.c:1185:13:MX_USART6_UART_Init	8	static
main.c:1218:13:MX_GPIO_Init	48	static
main.c:1292:6:HAL_UART_RxCpltCallback	24	static
main.c:1313:6:HAL_TIM_PeriodElapsedCallback	16	static
main.c:1338:6:Error_Handler	4	static,ignoring_inline_asm
