rishi.c:105:6:ADCSelectChannel	32	static
rishi.c:138:9:GetStatusLet	16	static
rishi.c:156:6:UpdateLEDs	8	static
rishi.c:183:6:ClearScreenLCD	16	static
rishi.c:197:6:WriteLine	24	static
rishi.c:208:6:PadSpaces	24	static
rishi.c:216:6:UpdateLCD	136	static
rishi.c:264:5:CheckKeypad	4	static
rishi.c:273:5:main	200	static
rishi.c:544:6:SystemClock_Config	88	static
rishi.c:584:13:MX_ADC1_Init	24	static
rishi.c:634:13:MX_TIM2_Init	32	static
rishi.c:679:13:MX_TIM4_Init	48	static
rishi.c:728:13:MX_USART2_UART_Init	8	static
rishi.c:761:13:MX_USART6_UART_Init	8	static
rishi.c:794:13:MX_GPIO_Init	48	static
rishi.c:868:6:HAL_UART_RxCpltCallback	16	static
rishi.c:890:6:Error_Handler	4	static,ignoring_inline_asm
